// Jest Snapshot v1, https://goo.gl/fbAQLP

exports[`Login component Should render the proper Login component 1`] = `
Object {
  "asFragment": [Function],
  "baseElement": <body>
    <div>
      <div
        class="NavFooter"
      >
        <footer
          class="text-center text-white"
        >
          <div
            class="container pt-4"
          >
            <section
              class="mb-4"
            >
              <a
                class="btn btn-link btn-floating btn-lg text-dark"
                data-mdb-ripple-color="dark"
                href="#!"
                role="button"
              >
                <i
                  class="fa fa-twitter"
                />
              </a>
              <a
                class="btn btn-link btn-floating btn-lg text-dark"
                data-mdb-ripple-color="dark"
                href="#!"
                role="button"
              >
                <i
                  class="fa fa-facebook-f"
                />
              </a>
              <a
                class="btn btn-link btn-floating btn-lg text-dark"
                data-mdb-ripple-color="dark"
                href="#!"
                role="button"
              >
                <i
                  class="fa fa-google-plus"
                />
              </a>
              <a
                class="btn btn-link btn-floating btn-lg text-dark"
                data-mdb-ripple-color="dark"
                href="#!"
                role="button"
              >
                <i
                  class="fa fa-vimeo"
                />
              </a>
              <a
                class="btn btn-link btn-floating btn-lg text-dark"
                data-mdb-ripple-color="dark"
                href="#!"
                role="button"
              >
                <i
                  class="fa fa-pinterest"
                />
              </a>
              <a
                class="btn btn-link btn-floating btn-lg text-dark"
                data-mdb-ripple-color="dark"
                href="#!"
                role="button"
              >
                <i
                  class="fa fa-github"
                />
              </a>
            </section>
          </div>
        </footer>
      </div>
      ,
    </div>
  </body>,
  "container": <div>
    <div
      class="NavFooter"
    >
      <footer
        class="text-center text-white"
      >
        <div
          class="container pt-4"
        >
          <section
            class="mb-4"
          >
            <a
              class="btn btn-link btn-floating btn-lg text-dark"
              data-mdb-ripple-color="dark"
              href="#!"
              role="button"
            >
              <i
                class="fa fa-twitter"
              />
            </a>
            <a
              class="btn btn-link btn-floating btn-lg text-dark"
              data-mdb-ripple-color="dark"
              href="#!"
              role="button"
            >
              <i
                class="fa fa-facebook-f"
              />
            </a>
            <a
              class="btn btn-link btn-floating btn-lg text-dark"
              data-mdb-ripple-color="dark"
              href="#!"
              role="button"
            >
              <i
                class="fa fa-google-plus"
              />
            </a>
            <a
              class="btn btn-link btn-floating btn-lg text-dark"
              data-mdb-ripple-color="dark"
              href="#!"
              role="button"
            >
              <i
                class="fa fa-vimeo"
              />
            </a>
            <a
              class="btn btn-link btn-floating btn-lg text-dark"
              data-mdb-ripple-color="dark"
              href="#!"
              role="button"
            >
              <i
                class="fa fa-pinterest"
              />
            </a>
            <a
              class="btn btn-link btn-floating btn-lg text-dark"
              data-mdb-ripple-color="dark"
              href="#!"
              role="button"
            >
              <i
                class="fa fa-github"
              />
            </a>
          </section>
        </div>
      </footer>
    </div>
    ,
  </div>,
  "debug": [Function],
  "findAllByAltText": [Function],
  "findAllByDisplayValue": [Function],
  "findAllByLabelText": [Function],
  "findAllByPlaceholderText": [Function],
  "findAllByRole": [Function],
  "findAllByTestId": [Function],
  "findAllByText": [Function],
  "findAllByTitle": [Function],
  "findByAltText": [Function],
  "findByDisplayValue": [Function],
  "findByLabelText": [Function],
  "findByPlaceholderText": [Function],
  "findByRole": [Function],
  "findByTestId": [Function],
  "findByText": [Function],
  "findByTitle": [Function],
  "getAllByAltText": [Function],
  "getAllByDisplayValue": [Function],
  "getAllByLabelText": [Function],
  "getAllByPlaceholderText": [Function],
  "getAllByRole": [Function],
  "getAllByTestId": [Function],
  "getAllByText": [Function],
  "getAllByTitle": [Function],
  "getByAltText": [Function],
  "getByDisplayValue": [Function],
  "getByLabelText": [Function],
  "getByPlaceholderText": [Function],
  "getByRole": [Function],
  "getByTestId": [Function],
  "getByText": [Function],
  "getByTitle": [Function],
  "queryAllByAltText": [Function],
  "queryAllByDisplayValue": [Function],
  "queryAllByLabelText": [Function],
  "queryAllByPlaceholderText": [Function],
  "queryAllByRole": [Function],
  "queryAllByTestId": [Function],
  "queryAllByText": [Function],
  "queryAllByTitle": [Function],
  "queryByAltText": [Function],
  "queryByDisplayValue": [Function],
  "queryByLabelText": [Function],
  "queryByPlaceholderText": [Function],
  "queryByRole": [Function],
  "queryByTestId": [Function],
  "queryByText": [Function],
  "queryByTitle": [Function],
  "rerender": [Function],
  "unmount": [Function],
}
`;
